Archive member included to satisfy reference by file (symbol)

/opt/st/stm32cubeide_1.10.1/plugins/com.st.stm32cube.ide.mcu.externaltools.gnu-tools-for-stm32.10.3-2021.10.linux64_1.0.0.202111181127/tools/bin/../lib/gcc/arm-none-eabi/10.3.1/../../../../arm-none-eabi/lib/thumb/v7-m/nofp/libc_nano.a(lib_a-errno.o)
                              ./Core/Src/syscalls.o (__errno)
/opt/st/stm32cubeide_1.10.1/plugins/com.st.stm32cube.ide.mcu.externaltools.gnu-tools-for-stm32.10.3-2021.10.linux64_1.0.0.202111181127/tools/bin/../lib/gcc/arm-none-eabi/10.3.1/../../../../arm-none-eabi/lib/thumb/v7-m/nofp/libc_nano.a(lib_a-exit.o)
                              /opt/st/stm32cubeide_1.10.1/plugins/com.st.stm32cube.ide.mcu.externaltools.gnu-tools-for-stm32.10.3-2021.10.linux64_1.0.0.202111181127/tools/bin/../lib/gcc/arm-none-eabi/10.3.1/../../../../arm-none-eabi/lib/thumb/v7-m/nofp/crt0.o (exit)
/opt/st/stm32cubeide_1.10.1/plugins/com.st.stm32cube.ide.mcu.externaltools.gnu-tools-for-stm32.10.3-2021.10.linux64_1.0.0.202111181127/tools/bin/../lib/gcc/arm-none-eabi/10.3.1/../../../../arm-none-eabi/lib/thumb/v7-m/nofp/libc_nano.a(lib_a-impure.o)
                              /opt/st/stm32cubeide_1.10.1/plugins/com.st.stm32cube.ide.mcu.externaltools.gnu-tools-for-stm32.10.3-2021.10.linux64_1.0.0.202111181127/tools/bin/../lib/gcc/arm-none-eabi/10.3.1/../../../../arm-none-eabi/lib/thumb/v7-m/nofp/libc_nano.a(lib_a-exit.o) (_global_impure_ptr)
/opt/st/stm32cubeide_1.10.1/plugins/com.st.stm32cube.ide.mcu.externaltools.gnu-tools-for-stm32.10.3-2021.10.linux64_1.0.0.202111181127/tools/bin/../lib/gcc/arm-none-eabi/10.3.1/../../../../arm-none-eabi/lib/thumb/v7-m/nofp/libc_nano.a(lib_a-init.o)
                              /opt/st/stm32cubeide_1.10.1/plugins/com.st.stm32cube.ide.mcu.externaltools.gnu-tools-for-stm32.10.3-2021.10.linux64_1.0.0.202111181127/tools/bin/../lib/gcc/arm-none-eabi/10.3.1/../../../../arm-none-eabi/lib/thumb/v7-m/nofp/crt0.o (__libc_init_array)
/opt/st/stm32cubeide_1.10.1/plugins/com.st.stm32cube.ide.mcu.externaltools.gnu-tools-for-stm32.10.3-2021.10.linux64_1.0.0.202111181127/tools/bin/../lib/gcc/arm-none-eabi/10.3.1/../../../../arm-none-eabi/lib/thumb/v7-m/nofp/libc_nano.a(lib_a-memset.o)
                              /opt/st/stm32cubeide_1.10.1/plugins/com.st.stm32cube.ide.mcu.externaltools.gnu-tools-for-stm32.10.3-2021.10.linux64_1.0.0.202111181127/tools/bin/../lib/gcc/arm-none-eabi/10.3.1/../../../../arm-none-eabi/lib/thumb/v7-m/nofp/crt0.o (memset)

Discarded input sections

 .text          0x0000000000000000        0x0 /opt/st/stm32cubeide_1.10.1/plugins/com.st.stm32cube.ide.mcu.externaltools.gnu-tools-for-stm32.10.3-2021.10.linux64_1.0.0.202111181127/tools/bin/../lib/gcc/arm-none-eabi/10.3.1/thumb/v7-m/nofp/crti.o
 .data          0x0000000000000000        0x0 /opt/st/stm32cubeide_1.10.1/plugins/com.st.stm32cube.ide.mcu.externaltools.gnu-tools-for-stm32.10.3-2021.10.linux64_1.0.0.202111181127/tools/bin/../lib/gcc/arm-none-eabi/10.3.1/thumb/v7-m/nofp/crti.o
 .bss           0x0000000000000000        0x0 /opt/st/stm32cubeide_1.10.1/plugins/com.st.stm32cube.ide.mcu.externaltools.gnu-tools-for-stm32.10.3-2021.10.linux64_1.0.0.202111181127/tools/bin/../lib/gcc/arm-none-eabi/10.3.1/thumb/v7-m/nofp/crti.o
 .data          0x0000000000000000        0x4 /opt/st/stm32cubeide_1.10.1/plugins/com.st.stm32cube.ide.mcu.externaltools.gnu-tools-for-stm32.10.3-2021.10.linux64_1.0.0.202111181127/tools/bin/../lib/gcc/arm-none-eabi/10.3.1/thumb/v7-m/nofp/crtbegin.o
 .rodata        0x0000000000000000       0x24 /opt/st/stm32cubeide_1.10.1/plugins/com.st.stm32cube.ide.mcu.externaltools.gnu-tools-for-stm32.10.3-2021.10.linux64_1.0.0.202111181127/tools/bin/../lib/gcc/arm-none-eabi/10.3.1/thumb/v7-m/nofp/crtbegin.o
 .text          0x0000000000000000       0x7c /opt/st/stm32cubeide_1.10.1/plugins/com.st.stm32cube.ide.mcu.externaltools.gnu-tools-for-stm32.10.3-2021.10.linux64_1.0.0.202111181127/tools/bin/../lib/gcc/arm-none-eabi/10.3.1/../../../../arm-none-eabi/lib/thumb/v7-m/nofp/crt0.o
 .data          0x0000000000000000        0x0 /opt/st/stm32cubeide_1.10.1/plugins/com.st.stm32cube.ide.mcu.externaltools.gnu-tools-for-stm32.10.3-2021.10.linux64_1.0.0.202111181127/tools/bin/../lib/gcc/arm-none-eabi/10.3.1/../../../../arm-none-eabi/lib/thumb/v7-m/nofp/crt0.o
 .bss           0x0000000000000000        0x0 /opt/st/stm32cubeide_1.10.1/plugins/com.st.stm32cube.ide.mcu.externaltools.gnu-tools-for-stm32.10.3-2021.10.linux64_1.0.0.202111181127/tools/bin/../lib/gcc/arm-none-eabi/10.3.1/../../../../arm-none-eabi/lib/thumb/v7-m/nofp/crt0.o
 .ARM.extab     0x0000000000000000        0x0 /opt/st/stm32cubeide_1.10.1/plugins/com.st.stm32cube.ide.mcu.externaltools.gnu-tools-for-stm32.10.3-2021.10.linux64_1.0.0.202111181127/tools/bin/../lib/gcc/arm-none-eabi/10.3.1/../../../../arm-none-eabi/lib/thumb/v7-m/nofp/crt0.o
[...]
Memory Configuration

Name             Origin             Length             Attributes
RAM              0x0000000020000000 0x0000000000005000 xrw
FLASH            0x0000000008000000 0x0000000000010000 xr
*default*        0x0000000000000000 0xffffffffffffffff

Linker script and memory map

LOAD /opt/st/stm32cubeide_1.10.1/plugins/com.st.stm32cube.ide.mcu.externaltools.gnu-tools-for-stm32.10.3-2021.10.linux64_1.0.0.202111181127/tools/bin/../lib/gcc/arm-none-eabi/10.3.1/thumb/v7-m/nofp/crti.o
LOAD /opt/st/stm32cubeide_1.10.1/plugins/com.st.stm32cube.ide.mcu.externaltools.gnu-tools-for-stm32.10.3-2021.10.linux64_1.0.0.202111181127/tools/bin/../lib/gcc/arm-none-eabi/10.3.1/thumb/v7-m/nofp/crtbegin.o
LOAD /opt/st/stm32cubeide_1.10.1/plugins/com.st.stm32cube.ide.mcu.externaltools.gnu-tools-for-stm32.10.3-2021.10.linux64_1.0.0.202111181127/tools/bin/../lib/gcc/arm-none-eabi/10.3.1/../../../../arm-none-eabi/lib/thumb/v7-m/nofp/crt0.o
LOAD ./Core/Src/functions.o
LOAD ./Core/Src/main.o
LOAD ./Core/Src/stm32f1xx_hal_msp.o
LOAD ./Core/Src/stm32f1xx_it.o
LOAD ./Core/Src/syscalls.o
LOAD ./Core/Src/sysmem.o
LOAD ./Core/Src/system_stm32f1xx.o
LOAD ./Core/Startup/startup_stm32f103c8tx.o
LOAD ./Drivers/STM32F1xx_HAL_Driver/Src/stm32f1xx_hal.o
LOAD ./Drivers/STM32F1xx_HAL_Driver/Src/stm32f1xx_hal_cortex.o
LOAD ./Drivers/STM32F1xx_HAL_Driver/Src/stm32f1xx_hal_dma.o
LOAD ./Drivers/STM32F1xx_HAL_Driver/Src/stm32f1xx_hal_exti.o
LOAD ./Drivers/STM32F1xx_HAL_Driver/Src/stm32f1xx_hal_flash.o
LOAD ./Drivers/STM32F1xx_HAL_Driver/Src/stm32f1xx_hal_flash_ex.o
LOAD ./Drivers/STM32F1xx_HAL_Driver/Src/stm32f1xx_hal_gpio.o
LOAD ./Drivers/STM32F1xx_HAL_Driver/Src/stm32f1xx_hal_gpio_ex.o
LOAD ./Drivers/STM32F1xx_HAL_Driver/Src/stm32f1xx_hal_pwr.o
LOAD ./Drivers/STM32F1xx_HAL_Driver/Src/stm32f1xx_hal_rcc.o
LOAD ./Drivers/STM32F1xx_HAL_Driver/Src/stm32f1xx_hal_rcc_ex.o
LOAD ./Drivers/STM32F1xx_HAL_Driver/Src/stm32f1xx_hal_tim.o
LOAD ./Drivers/STM32F1xx_HAL_Driver/Src/stm32f1xx_hal_tim_ex.o
START GROUP
LOAD /opt/st/stm32cubeide_1.10.1/plugins/com.st.stm32cube.ide.mcu.externaltools.gnu-tools-for-stm32.10.3-2021.10.linux64_1.0.0.202111181127/tools/bin/../lib/gcc/arm-none-eabi/10.3.1/../../../../arm-none-eabi/lib/thumb/v7-m/nofp/libc_nano.a
LOAD /opt/st/stm32cubeide_1.10.1/plugins/com.st.stm32cube.ide.mcu.externaltools.gnu-tools-for-stm32.10.3-2021.10.linux64_1.0.0.202111181127/tools/bin/../lib/gcc/arm-none-eabi/10.3.1/../../../../arm-none-eabi/lib/thumb/v7-m/nofp/libm.a
END GROUP
START GROUP
LOAD /opt/st/stm32cubeide_1.10.1/plugins/com.st.stm32cube.ide.mcu.externaltools.gnu-tools-for-stm32.10.3-2021.10.linux64_1.0.0.202111181127/tools/bin/../lib/gcc/arm-none-eabi/10.3.1/thumb/v7-m/nofp/libgcc.a
LOAD /opt/st/stm32cubeide_1.10.1/plugins/com.st.stm32cube.ide.mcu.externaltools.gnu-tools-for-stm32.10.3-2021.10.linux64_1.0.0.202111181127/tools/bin/../lib/gcc/arm-none-eabi/10.3.1/../../../../arm-none-eabi/lib/thumb/v7-m/nofp/libc_nano.a
END GROUP
START GROUP
LOAD /opt/st/stm32cubeide_1.10.1/plugins/com.st.stm32cube.ide.mcu.externaltools.gnu-tools-for-stm32.10.3-2021.10.linux64_1.0.0.202111181127/tools/bin/../lib/gcc/arm-none-eabi/10.3.1/thumb/v7-m/nofp/libgcc.a
LOAD /opt/st/stm32cubeide_1.10.1/plugins/com.st.stm32cube.ide.mcu.externaltools.gnu-tools-for-stm32.10.3-2021.10.linux64_1.0.0.202111181127/tools/bin/../lib/gcc/arm-none-eabi/10.3.1/../../../../arm-none-eabi/lib/thumb/v7-m/nofp/libc_nano.a
LOAD /opt/st/stm32cubeide_1.10.1/plugins/com.st.stm32cube.ide.mcu.externaltools.gnu-tools-for-stm32.10.3-2021.10.linux64_1.0.0.202111181127/tools/bin/../lib/gcc/arm-none-eabi/10.3.1/../../../../arm-none-eabi/lib/thumb/v7-m/nofp/libnosys.a
END GROUP
START GROUP
LOAD /opt/st/stm32cubeide_1.10.1/plugins/com.st.stm32cube.ide.mcu.externaltools.gnu-tools-for-stm32.10.3-2021.10.linux64_1.0.0.202111181127/tools/bin/../lib/gcc/arm-none-eabi/10.3.1/thumb/v7-m/nofp/libgcc.a
LOAD /opt/st/stm32cubeide_1.10.1/plugins/com.st.stm32cube.ide.mcu.externaltools.gnu-tools-for-stm32.10.3-2021.10.linux64_1.0.0.202111181127/tools/bin/../lib/gcc/arm-none-eabi/10.3.1/../../../../arm-none-eabi/lib/thumb/v7-m/nofp/libc_nano.a
LOAD /opt/st/stm32cubeide_1.10.1/plugins/com.st.stm32cube.ide.mcu.externaltools.gnu-tools-for-stm32.10.3-2021.10.linux64_1.0.0.202111181127/tools/bin/../lib/gcc/arm-none-eabi/10.3.1/../../../../arm-none-eabi/lib/thumb/v7-m/nofp/libnosys.a
END GROUP
LOAD /opt/st/stm32cubeide_1.10.1/plugins/com.st.stm32cube.ide.mcu.externaltools.gnu-tools-for-stm32.10.3-2021.10.linux64_1.0.0.202111181127/tools/bin/../lib/gcc/arm-none-eabi/10.3.1/thumb/v7-m/nofp/crtend.o
LOAD /opt/st/stm32cubeide_1.10.1/plugins/com.st.stm32cube.ide.mcu.externaltools.gnu-tools-for-stm32.10.3-2021.10.linux64_1.0.0.202111181127/tools/bin/../lib/gcc/arm-none-eabi/10.3.1/thumb/v7-m/nofp/crtn.o
                0x0000000020005000                _estack = (ORIGIN (RAM) + LENGTH (RAM))
                0x0000000000000200                _Min_Heap_Size = 0x200
                0x0000000000000400                _Min_Stack_Size = 0x400

.isr_vector     0x0000000008000000      0x10c
                0x0000000008000000                . = ALIGN (0x4)
 *(.isr_vector)
 .isr_vector    0x0000000008000000      0x10c ./Core/Startup/startup_stm32f103c8tx.o
                0x0000000008000000                g_pfnVectors
                0x000000000800010c                . = ALIGN (0x4)

.text           0x000000000800010c     0x281c
                0x000000000800010c                . = ALIGN (0x4)
 *(.text)
 .text          0x000000000800010c       0x40 /opt/st/stm32cubeide_1.10.1/plugins/com.st.stm32cube.ide.mcu.externaltools.gnu-tools-for-stm32.10.3-2021.10.linux64_1.0.0.202111181127/tools/bin/../lib/gcc/arm-none-eabi/10.3.1/thumb/v7-m/nofp/crtbegin.o
 *(.text*)
 .text.Set_Output
                0x000000000800014c       0x54 ./Core/Src/functions.o
                0x000000000800014c                Set_Output
 .text.InitializeEngineSpeedTable
                0x00000000080001a0       0x40 ./Core/Src/functions.o
                0x00000000080001a0                InitializeEngineSpeedTable
 .text.ChangeTableLine
                0x00000000080001e0       0xec ./Core/Src/functions.o
                0x00000000080001e0                ChangeTableLine
 .text.GeneratePeriod
                0x00000000080002cc       0xc0 ./Core/Src/functions.o
                0x00000000080002cc                GeneratePeriod
 .text.GenerateTooth
                0x000000000800038c       0xc4 ./Core/Src/functions.o
                0x000000000800038c                GenerateTooth
 .text.HAL_TIM_OC_DelayElapsedCallback
                0x0000000008000450       0x44 ./Core/Src/functions.o
                0x0000000008000450                HAL_TIM_OC_DelayElapsedCallback
 .text.main     0x0000000008000494      0x124 ./Core/Src/main.o
                0x0000000008000494                main
 .text.SystemClock_Config
                0x00000000080005b8       0x8c ./Core/Src/main.o
                0x00000000080005b8                SystemClock_Config
 .text.MX_TIM3_Init
                0x0000000008000644       0xec ./Core/Src/main.o
 .text.MX_TIM4_Init
                0x0000000008000730       0xec ./Core/Src/main.o
 .text.MX_GPIO_Init
                0x000000000800081c       0xe8 ./Core/Src/main.o
 .text.Error_Handler
                0x0000000008000904        0xa ./Core/Src/main.o
                0x0000000008000904                Error_Handler
 *fill*         0x000000000800090e        0x2 
 .text.HAL_MspInit
                0x0000000008000910       0x64 ./Core/Src/stm32f1xx_hal_msp.o
                0x0000000008000910                HAL_MspInit
 .text.HAL_TIM_Base_MspInit
                0x0000000008000974       0x84 ./Core/Src/stm32f1xx_hal_msp.o
                0x0000000008000974                HAL_TIM_Base_MspInit
 .text.HAL_TIM_MspPostInit
                0x00000000080009f8       0xa8 ./Core/Src/stm32f1xx_hal_msp.o
                0x00000000080009f8                HAL_TIM_MspPostInit
 .text.NMI_Handler
                0x0000000008000aa0        0x6 ./Core/Src/stm32f1xx_it.o
                0x0000000008000aa0                NMI_Handler
 .text.HardFault_Handler
                0x0000000008000aa6        0x6 ./Core/Src/stm32f1xx_it.o
                0x0000000008000aa6                HardFault_Handler
 .text.MemManage_Handler
                0x0000000008000aac        0x6 ./Core/Src/stm32f1xx_it.o
                0x0000000008000aac                MemManage_Handler
 .text.BusFault_Handler
                0x0000000008000ab2        0x6 ./Core/Src/stm32f1xx_it.o
                0x0000000008000ab2                BusFault_Handler
 .text.UsageFault_Handler
                0x0000000008000ab8        0x6 ./Core/Src/stm32f1xx_it.o
                0x0000000008000ab8                UsageFault_Handler
 .text.SVC_Handler
                0x0000000008000abe        0xc ./Core/Src/stm32f1xx_it.o
                0x0000000008000abe                SVC_Handler
 .text.DebugMon_Handler
                0x0000000008000aca        0xc ./Core/Src/stm32f1xx_it.o
                0x0000000008000aca                DebugMon_Handler
 .text.PendSV_Handler
                0x0000000008000ad6        0xc ./Core/Src/stm32f1xx_it.o
                0x0000000008000ad6                PendSV_Handler
 .text.SysTick_Handler
                0x0000000008000ae2        0xc ./Core/Src/stm32f1xx_it.o
                0x0000000008000ae2                SysTick_Handler
 *fill*         0x0000000008000aee        0x2 
 .text.TIM3_IRQHandler
                0x0000000008000af0       0x14 ./Core/Src/stm32f1xx_it.o
                0x0000000008000af0                TIM3_IRQHandler
 .text.TIM4_IRQHandler
                0x0000000008000b04       0x14 ./Core/Src/stm32f1xx_it.o
                0x0000000008000b04                TIM4_IRQHandler
 .text.SystemInit
                0x0000000008000b18        0xc ./Core/Src/system_stm32f1xx.o
                0x0000000008000b18                SystemInit
 .text.Reset_Handler
                0x0000000008000b24       0x48 ./Core/Startup/startup_stm32f103c8tx.o
                0x0000000008000b24                Reset_Handler
 .text.Default_Handler
                0x0000000008000b6c        0x2 ./Core/Startup/startup_stm32f103c8tx.o
                0x0000000008000b6c                RTC_Alarm_IRQHandler
                0x0000000008000b6c                EXTI2_IRQHandler
                0x0000000008000b6c                TIM1_CC_IRQHandler
                0x0000000008000b6c                PVD_IRQHandler
                0x0000000008000b6c                EXTI3_IRQHandler
                0x0000000008000b6c                EXTI0_IRQHandler
                0x0000000008000b6c                I2C2_EV_IRQHandler
                0x0000000008000b6c                ADC1_2_IRQHandler
                0x0000000008000b6c                SPI1_IRQHandler
                0x0000000008000b6c                TAMPER_IRQHandler
                0x0000000008000b6c                DMA1_Channel4_IRQHandler
                0x0000000008000b6c                USART3_IRQHandler
                0x0000000008000b6c                RTC_IRQHandler
                0x0000000008000b6c                DMA1_Channel7_IRQHandler
                0x0000000008000b6c                CAN1_RX1_IRQHandler
                0x0000000008000b6c                I2C1_EV_IRQHandler
                0x0000000008000b6c                DMA1_Channel6_IRQHandler
                0x0000000008000b6c                RCC_IRQHandler
                0x0000000008000b6c                TIM1_TRG_COM_IRQHandler
                0x0000000008000b6c                DMA1_Channel1_IRQHandler
                0x0000000008000b6c                Default_Handler
                0x0000000008000b6c                EXTI15_10_IRQHandler
                0x0000000008000b6c                EXTI9_5_IRQHandler
                0x0000000008000b6c                SPI2_IRQHandler
                0x0000000008000b6c                DMA1_Channel5_IRQHandler
                0x0000000008000b6c                EXTI4_IRQHandler
                0x0000000008000b6c                USB_LP_CAN1_RX0_IRQHandler
                0x0000000008000b6c                USB_HP_CAN1_TX_IRQHandler
                0x0000000008000b6c                DMA1_Channel3_IRQHandler
                0x0000000008000b6c                TIM1_UP_IRQHandler
                0x0000000008000b6c                WWDG_IRQHandler
                0x0000000008000b6c                TIM2_IRQHandler
                0x0000000008000b6c                TIM1_BRK_IRQHandler
                0x0000000008000b6c                EXTI1_IRQHandler
                0x0000000008000b6c                USART2_IRQHandler
                0x0000000008000b6c                I2C2_ER_IRQHandler
                0x0000000008000b6c                DMA1_Channel2_IRQHandler
                0x0000000008000b6c                CAN1_SCE_IRQHandler
                0x0000000008000b6c                FLASH_IRQHandler
                0x0000000008000b6c                USART1_IRQHandler
                0x0000000008000b6c                I2C1_ER_IRQHandler
                0x0000000008000b6c                USBWakeUp_IRQHandler
 *fill*         0x0000000008000b6e        0x2 
 .text.HAL_Init
                0x0000000008000b70       0x2c ./Drivers/STM32F1xx_HAL_Driver/Src/stm32f1xx_hal.o
                0x0000000008000b70                HAL_Init
 .text.HAL_InitTick
                0x0000000008000b9c       0x60 ./Drivers/STM32F1xx_HAL_Driver/Src/stm32f1xx_hal.o
                0x0000000008000b9c                HAL_InitTick
 .text.HAL_IncTick
                0x0000000008000bfc       0x24 ./Drivers/STM32F1xx_HAL_Driver/Src/stm32f1xx_hal.o
                0x0000000008000bfc                HAL_IncTick
 .text.HAL_GetTick
                0x0000000008000c20       0x14 ./Drivers/STM32F1xx_HAL_Driver/Src/stm32f1xx_hal.o
                0x0000000008000c20                HAL_GetTick
 .text.__NVIC_SetPriorityGrouping
                0x0000000008000c34       0x48 ./Drivers/STM32F1xx_HAL_Driver/Src/stm32f1xx_hal_cortex.o
 .text.__NVIC_GetPriorityGrouping
                0x0000000008000c7c       0x1c ./Drivers/STM32F1xx_HAL_Driver/Src/stm32f1xx_hal_cortex.o
 .text.__NVIC_EnableIRQ
                0x0000000008000c98       0x38 ./Drivers/STM32F1xx_HAL_Driver/Src/stm32f1xx_hal_cortex.o
 .text.__NVIC_SetPriority
                0x0000000008000cd0       0x54 ./Drivers/STM32F1xx_HAL_Driver/Src/stm32f1xx_hal_cortex.o
 .text.NVIC_EncodePriority
                0x0000000008000d24       0x64 ./Drivers/STM32F1xx_HAL_Driver/Src/stm32f1xx_hal_cortex.o
 .text.SysTick_Config
                0x0000000008000d88       0x44 ./Drivers/STM32F1xx_HAL_Driver/Src/stm32f1xx_hal_cortex.o
 .text.HAL_NVIC_SetPriorityGrouping
                0x0000000008000dcc       0x16 ./Drivers/STM32F1xx_HAL_Driver/Src/stm32f1xx_hal_cortex.o
                0x0000000008000dcc                HAL_NVIC_SetPriorityGrouping
 .text.HAL_NVIC_SetPriority
                0x0000000008000de2       0x38 ./Drivers/STM32F1xx_HAL_Driver/Src/stm32f1xx_hal_cortex.o
                0x0000000008000de2                HAL_NVIC_SetPriority
 .text.HAL_NVIC_EnableIRQ
                0x0000000008000e1a       0x1c ./Drivers/STM32F1xx_HAL_Driver/Src/stm32f1xx_hal_cortex.o
                0x0000000008000e1a                HAL_NVIC_EnableIRQ
 .text.HAL_SYSTICK_Config
                0x0000000008000e36       0x18 ./Drivers/STM32F1xx_HAL_Driver/Src/stm32f1xx_hal_cortex.o
                0x0000000008000e36                HAL_SYSTICK_Config
 *fill*         0x0000000008000e4e        0x2 
 .text.HAL_GPIO_Init
                0x0000000008000e50      0x308 ./Drivers/STM32F1xx_HAL_Driver/Src/stm32f1xx_hal_gpio.o
                0x0000000008000e50                HAL_GPIO_Init
 .text.HAL_GPIO_WritePin
                0x0000000008001158       0x30 ./Drivers/STM32F1xx_HAL_Driver/Src/stm32f1xx_hal_gpio.o
                0x0000000008001158                HAL_GPIO_WritePin
 .text.HAL_GPIO_TogglePin
                0x0000000008001188       0x32 ./Drivers/STM32F1xx_HAL_Driver/Src/stm32f1xx_hal_gpio.o
                0x0000000008001188                HAL_GPIO_TogglePin
 *fill*         0x00000000080011ba        0x2 
 .text.HAL_RCC_OscConfig
                0x00000000080011bc      0x504 ./Drivers/STM32F1xx_HAL_Driver/Src/stm32f1xx_hal_rcc.o
                0x00000000080011bc                HAL_RCC_OscConfig
 .text.HAL_RCC_ClockConfig
                0x00000000080016c0      0x1d4 ./Drivers/STM32F1xx_HAL_Driver/Src/stm32f1xx_hal_rcc.o
                0x00000000080016c0                HAL_RCC_ClockConfig
 .text.HAL_RCC_GetSysClockFreq
                0x0000000008001894       0xbc ./Drivers/STM32F1xx_HAL_Driver/Src/stm32f1xx_hal_rcc.o
                0x0000000008001894                HAL_RCC_GetSysClockFreq
 .text.RCC_Delay
                0x0000000008001950       0x3c ./Drivers/STM32F1xx_HAL_Driver/Src/stm32f1xx_hal_rcc.o
 .text.HAL_TIM_Base_Init
                0x000000000800198c       0x9e ./Drivers/STM32F1xx_HAL_Driver/Src/stm32f1xx_hal_tim.o
                0x000000000800198c                HAL_TIM_Base_Init
 .text.HAL_TIM_OC_Init
                0x0000000008001a2a       0x9e ./Drivers/STM32F1xx_HAL_Driver/Src/stm32f1xx_hal_tim.o
                0x0000000008001a2a                HAL_TIM_OC_Init
 .text.HAL_TIM_OC_MspInit
                0x0000000008001ac8       0x12 ./Drivers/STM32F1xx_HAL_Driver/Src/stm32f1xx_hal_tim.o
                0x0000000008001ac8                HAL_TIM_OC_MspInit
 *fill*         0x0000000008001ada        0x2 
 .text.HAL_TIM_OC_Start_IT
                0x0000000008001adc      0x1d0 ./Drivers/STM32F1xx_HAL_Driver/Src/stm32f1xx_hal_tim.o
                0x0000000008001adc                HAL_TIM_OC_Start_IT
 .text.HAL_TIM_OC_Stop_IT
                0x0000000008001cac      0x154 ./Drivers/STM32F1xx_HAL_Driver/Src/stm32f1xx_hal_tim.o
                0x0000000008001cac                HAL_TIM_OC_Stop_IT
 .text.HAL_TIM_IRQHandler
                0x0000000008001e00      0x210 ./Drivers/STM32F1xx_HAL_Driver/Src/stm32f1xx_hal_tim.o
                0x0000000008001e00                HAL_TIM_IRQHandler
 .text.HAL_TIM_OC_ConfigChannel
                0x0000000008002010       0xb0 ./Drivers/STM32F1xx_HAL_Driver/Src/stm32f1xx_hal_tim.o
                0x0000000008002010                HAL_TIM_OC_ConfigChannel
 .text.HAL_TIM_ConfigClockSource
                0x00000000080020c0      0x188 ./Drivers/STM32F1xx_HAL_Driver/Src/stm32f1xx_hal_tim.o
                0x00000000080020c0                HAL_TIM_ConfigClockSource
 .text.HAL_TIM_PeriodElapsedCallback
                0x0000000008002248       0x12 ./Drivers/STM32F1xx_HAL_Driver/Src/stm32f1xx_hal_tim.o
                0x0000000008002248                HAL_TIM_PeriodElapsedCallback
 .text.HAL_TIM_IC_CaptureCallback
                0x000000000800225a       0x12 ./Drivers/STM32F1xx_HAL_Driver/Src/stm32f1xx_hal_tim.o
                0x000000000800225a                HAL_TIM_IC_CaptureCallback
 .text.HAL_TIM_PWM_PulseFinishedCallback
                0x000000000800226c       0x12 ./Drivers/STM32F1xx_HAL_Driver/Src/stm32f1xx_hal_tim.o
                0x000000000800226c                HAL_TIM_PWM_PulseFinishedCallback
 .text.HAL_TIM_TriggerCallback
                0x000000000800227e       0x12 ./Drivers/STM32F1xx_HAL_Driver/Src/stm32f1xx_hal_tim.o
                0x000000000800227e                HAL_TIM_TriggerCallback
 .text.TIM_Base_SetConfig
                0x0000000008002290       0xc4 ./Drivers/STM32F1xx_HAL_Driver/Src/stm32f1xx_hal_tim.o
                0x0000000008002290                TIM_Base_SetConfig
 .text.TIM_OC1_SetConfig
                0x0000000008002354       0xcc ./Drivers/STM32F1xx_HAL_Driver/Src/stm32f1xx_hal_tim.o
 .text.TIM_OC2_SetConfig
                0x0000000008002420       0xd4 ./Drivers/STM32F1xx_HAL_Driver/Src/stm32f1xx_hal_tim.o
                0x0000000008002420                TIM_OC2_SetConfig
 .text.TIM_OC3_SetConfig
                0x00000000080024f4       0xd4 ./Drivers/STM32F1xx_HAL_Driver/Src/stm32f1xx_hal_tim.o
 .text.TIM_OC4_SetConfig
                0x00000000080025c8       0x9c ./Drivers/STM32F1xx_HAL_Driver/Src/stm32f1xx_hal_tim.o
 .text.TIM_TI1_ConfigInputStage
                0x0000000008002664       0x5c ./Drivers/STM32F1xx_HAL_Driver/Src/stm32f1xx_hal_tim.o
 .text.TIM_TI2_ConfigInputStage
                0x00000000080026c0       0x5e ./Drivers/STM32F1xx_HAL_Driver/Src/stm32f1xx_hal_tim.o
 .text.TIM_ITRx_SetConfig
                0x000000000800271e       0x34 ./Drivers/STM32F1xx_HAL_Driver/Src/stm32f1xx_hal_tim.o
 .text.TIM_ETR_SetConfig
                0x0000000008002752       0x3e ./Drivers/STM32F1xx_HAL_Driver/Src/stm32f1xx_hal_tim.o
                0x0000000008002752                TIM_ETR_SetConfig
 .text.TIM_CCxChannelCmd
                0x0000000008002790       0x48 ./Drivers/STM32F1xx_HAL_Driver/Src/stm32f1xx_hal_tim.o
                0x0000000008002790                TIM_CCxChannelCmd
 .text.HAL_TIMEx_MasterConfigSynchronization
                0x00000000080027d8       0xbc ./Drivers/STM32F1xx_HAL_Driver/Src/stm32f1xx_hal_tim_ex.o
                0x00000000080027d8                HAL_TIMEx_MasterConfigSynchronization
 .text.HAL_TIMEx_CommutCallback
                0x0000000008002894       0x12 ./Drivers/STM32F1xx_HAL_Driver/Src/stm32f1xx_hal_tim_ex.o
                0x0000000008002894                HAL_TIMEx_CommutCallback
 .text.HAL_TIMEx_BreakCallback
                0x00000000080028a6       0x12 ./Drivers/STM32F1xx_HAL_Driver/Src/stm32f1xx_hal_tim_ex.o
                0x00000000080028a6                HAL_TIMEx_BreakCallback
 .text.__libc_init_array
                0x00000000080028b8       0x48 /opt/st/stm32cubeide_1.10.1/plugins/com.st.stm32cube.ide.mcu.externaltools.gnu-tools-for-stm32.10.3-2021.10.linux64_1.0.0.202111181127/tools/bin/../lib/gcc/arm-none-eabi/10.3.1/../../../../arm-none-eabi/lib/thumb/v7-m/nofp/libc_nano.a(lib_a-init.o)
                0x00000000080028b8                __libc_init_array
 .text.memset   0x0000000008002900       0x10 /opt/st/stm32cubeide_1.10.1/plugins/com.st.stm32cube.ide.mcu.externaltools.gnu-tools-for-stm32.10.3-2021.10.linux64_1.0.0.202111181127/tools/bin/../lib/gcc/arm-none-eabi/10.3.1/../../../../arm-none-eabi/lib/thumb/v7-m/nofp/libc_nano.a(lib_a-memset.o)
                0x0000000008002900                memset
 *(.glue_7)
 .glue_7        0x0000000008002910        0x0 linker stubs
 *(.glue_7t)
 .glue_7t       0x0000000008002910        0x0 linker stubs
 *(.eh_frame)
 .eh_frame      0x0000000008002910        0x0 /opt/st/stm32cubeide_1.10.1/plugins/com.st.stm32cube.ide.mcu.externaltools.gnu-tools-for-stm32.10.3-2021.10.linux64_1.0.0.202111181127/tools/bin/../lib/gcc/arm-none-eabi/10.3.1/thumb/v7-m/nofp/crtbegin.o
 *(.init)
 .init          0x0000000008002910        0x4 /opt/st/stm32cubeide_1.10.1/plugins/com.st.stm32cube.ide.mcu.externaltools.gnu-tools-for-stm32.10.3-2021.10.linux64_1.0.0.202111181127/tools/bin/../lib/gcc/arm-none-eabi/10.3.1/thumb/v7-m/nofp/crti.o
                0x0000000008002910                _init
 .init          0x0000000008002914        0x8 /opt/st/stm32cubeide_1.10.1/plugins/com.st.stm32cube.ide.mcu.externaltools.gnu-tools-for-stm32.10.3-2021.10.linux64_1.0.0.202111181127/tools/bin/../lib/gcc/arm-none-eabi/10.3.1/thumb/v7-m/nofp/crtn.o
 *(.fini)
 .fini          0x000000000800291c        0x4 /opt/st/stm32cubeide_1.10.1/plugins/com.st.stm32cube.ide.mcu.externaltools.gnu-tools-for-stm32.10.3-2021.10.linux64_1.0.0.202111181127/tools/bin/../lib/gcc/arm-none-eabi/10.3.1/thumb/v7-m/nofp/crti.o
                0x000000000800291c                _fini
 .fini          0x0000000008002920        0x8 /opt/st/stm32cubeide_1.10.1/plugins/com.st.stm32cube.ide.mcu.externaltools.gnu-tools-for-stm32.10.3-2021.10.linux64_1.0.0.202111181127/tools/bin/../lib/gcc/arm-none-eabi/10.3.1/thumb/v7-m/nofp/crtn.o
                0x0000000008002928                . = ALIGN (0x4)
                0x0000000008002928                _etext = .

.vfp11_veneer   0x0000000008002928        0x0
 .vfp11_veneer  0x0000000008002928        0x0 linker stubs

.v4_bx          0x0000000008002928        0x0
 .v4_bx         0x0000000008002928        0x0 linker stubs

.iplt           0x0000000008002928        0x0
 .iplt          0x0000000008002928        0x0 /opt/st/stm32cubeide_1.10.1/plugins/com.st.stm32cube.ide.mcu.externaltools.gnu-tools-for-stm32.10.3-2021.10.linux64_1.0.0.202111181127/tools/bin/../lib/gcc/arm-none-eabi/10.3.1/thumb/v7-m/nofp/crtbegin.o

.rodata         0x0000000008002928      0x160
                0x0000000008002928                . = ALIGN (0x4)
 *(.rodata)
 .rodata        0x0000000008002928       0x10 ./Drivers/STM32F1xx_HAL_Driver/Src/stm32f1xx_hal_rcc.o
 *(.rodata*)
 .rodata.Init_PulseSettings
                0x0000000008002938      0x140 ./Core/Src/functions.o
                0x0000000008002938                Init_PulseSettings
 .rodata.AHBPrescTable
                0x0000000008002a78       0x10 ./Core/Src/system_stm32f1xx.o
                0x0000000008002a78                AHBPrescTable
                0x0000000008002a88                . = ALIGN (0x4)

.rel.dyn        0x0000000008002a88        0x0
 .rel.iplt      0x0000000008002a88        0x0 /opt/st/stm32cubeide_1.10.1/plugins/com.st.stm32cube.ide.mcu.externaltools.gnu-tools-for-stm32.10.3-2021.10.linux64_1.0.0.202111181127/tools/bin/../lib/gcc/arm-none-eabi/10.3.1/thumb/v7-m/nofp/crtbegin.o

.ARM.extab      0x0000000008002a88        0x0
                0x0000000008002a88                . = ALIGN (0x4)
 *(.ARM.extab* .gnu.linkonce.armextab.*)
                0x0000000008002a88                . = ALIGN (0x4)

.ARM            0x0000000008002a88        0x0
                0x0000000008002a88                . = ALIGN (0x4)
                0x0000000008002a88                __exidx_start = .
 *(.ARM.exidx*)
                0x0000000008002a88                __exidx_end = .
                0x0000000008002a88                . = ALIGN (0x4)

.preinit_array  0x0000000008002a88        0x0
                0x0000000008002a88                . = ALIGN (0x4)
                0x0000000008002a88                PROVIDE (__preinit_array_start = .)
 *(.preinit_array*)
                0x0000000008002a88                PROVIDE (__preinit_array_end = .)
                0x0000000008002a88                . = ALIGN (0x4)

.init_array     0x0000000008002a88        0x4
                0x0000000008002a88                . = ALIGN (0x4)
                0x0000000008002a88                PROVIDE (__init_array_start = .)
 *(SORT_BY_NAME(.init_array.*))
 *(.init_array*)
 .init_array    0x0000000008002a88        0x4 /opt/st/stm32cubeide_1.10.1/plugins/com.st.stm32cube.ide.mcu.externaltools.gnu-tools-for-stm32.10.3-2021.10.linux64_1.0.0.202111181127/tools/bin/../lib/gcc/arm-none-eabi/10.3.1/thumb/v7-m/nofp/crtbegin.o
                0x0000000008002a8c                PROVIDE (__init_array_end = .)
                0x0000000008002a8c                . = ALIGN (0x4)

.fini_array     0x0000000008002a8c        0x4
                0x0000000008002a8c                . = ALIGN (0x4)
                [!provide]                        PROVIDE (__fini_array_start = .)
 *(SORT_BY_NAME(.fini_array.*))
 *(.fini_array*)
 .fini_array    0x0000000008002a8c        0x4 /opt/st/stm32cubeide_1.10.1/plugins/com.st.stm32cube.ide.mcu.externaltools.gnu-tools-for-stm32.10.3-2021.10.linux64_1.0.0.202111181127/tools/bin/../lib/gcc/arm-none-eabi/10.3.1/thumb/v7-m/nofp/crtbegin.o
                [!provide]                        PROVIDE (__fini_array_end = .)
                0x0000000008002a90                . = ALIGN (0x4)
                0x0000000008002a90                _sidata = LOADADDR (.data)

.data           0x0000000020000000       0x10 load address 0x0000000008002a90
                0x0000000020000000                . = ALIGN (0x4)
                0x0000000020000000                _sdata = .
 *(.data)
 *(.data*)
 .data.Polarity
                0x0000000020000000        0x1 ./Core/Src/functions.o
                0x0000000020000000                Polarity
 .data.program_TMR3
                0x0000000020000001        0x1 ./Core/Src/functions.o
                0x0000000020000001                program_TMR3
 .data.flg_time_is_over_TMR3
                0x0000000020000002        0x1 ./Core/Src/functions.o
                0x0000000020000002                flg_time_is_over_TMR3
 .data.program_TMR4
                0x0000000020000003        0x1 ./Core/Src/functions.o
                0x0000000020000003                program_TMR4
 .data.SystemCoreClock
                0x0000000020000004        0x4 ./Core/Src/system_stm32f1xx.o
                0x0000000020000004                SystemCoreClock
 .data.uwTickPrio
                0x0000000020000008        0x4 ./Drivers/STM32F1xx_HAL_Driver/Src/stm32f1xx_hal.o
                0x0000000020000008                uwTickPrio
 .data.uwTickFreq
                0x000000002000000c        0x1 ./Drivers/STM32F1xx_HAL_Driver/Src/stm32f1xx_hal.o
                0x000000002000000c                uwTickFreq
 *(.RamFunc)
 *(.RamFunc*)
                0x0000000020000010                . = ALIGN (0x4)
 *fill*         0x000000002000000d        0x3 
                0x0000000020000010                _edata = .

.igot.plt       0x0000000020000010        0x0 load address 0x0000000008002aa0
 .igot.plt      0x0000000020000010        0x0 /opt/st/stm32cubeide_1.10.1/plugins/com.st.stm32cube.ide.mcu.externaltools.gnu-tools-for-stm32.10.3-2021.10.linux64_1.0.0.202111181127/tools/bin/../lib/gcc/arm-none-eabi/10.3.1/thumb/v7-m/nofp/crtbegin.o
                0x0000000020000010                . = ALIGN (0x4)

.bss            0x0000000020000010      0x204 load address 0x0000000008002aa0
                0x0000000020000010                _sbss = .
                0x0000000020000010                __bss_start__ = _sbss
 *(.bss)
 .bss           0x0000000020000010       0x1c /opt/st/stm32cubeide_1.10.1/plugins/com.st.stm32cube.ide.mcu.externaltools.gnu-tools-for-stm32.10.3-2021.10.linux64_1.0.0.202111181127/tools/bin/../lib/gcc/arm-none-eabi/10.3.1/thumb/v7-m/nofp/crtbegin.o
 *(.bss*)
 .bss.rpm_line  0x000000002000002c        0x1 ./Core/Src/functions.o
                0x000000002000002c                rpm_line
 *fill*         0x000000002000002d        0x3 
 .bss.EngineSpeedUnion
                0x0000000020000030      0x140 ./Core/Src/functions.o
                0x0000000020000030                EngineSpeedUnion
 .bss.nOverflowTMR3
                0x0000000020000170        0x2 ./Core/Src/functions.o
                0x0000000020000170                nOverflowTMR3
 .bss.nTargetOverflowTMR3
                0x0000000020000172        0x2 ./Core/Src/functions.o
                0x0000000020000172                nTargetOverflowTMR3
 .bss.nTargetRemainTMR3
                0x0000000020000174        0x2 ./Core/Src/functions.o
                0x0000000020000174                nTargetRemainTMR3
 .bss.nOverflowTMR4
                0x0000000020000176        0x2 ./Core/Src/functions.o
                0x0000000020000176                nOverflowTMR4
 .bss.nTargetOverflowTMR4
                0x0000000020000178        0x2 ./Core/Src/functions.o
                0x0000000020000178                nTargetOverflowTMR4
 .bss.nTargetRemainTMR4
                0x000000002000017a        0x2 ./Core/Src/functions.o
                0x000000002000017a                nTargetRemainTMR4
 .bss.cycles    0x000000002000017c        0x1 ./Core/Src/main.o
                0x000000002000017c                cycles
 *fill*         0x000000002000017d        0x3 
 .bss.htim3     0x0000000020000180       0x48 ./Core/Src/main.o
                0x0000000020000180                htim3
 .bss.htim4     0x00000000200001c8       0x48 ./Core/Src/main.o
                0x00000000200001c8                htim4
 .bss.uwTick    0x0000000020000210        0x4 ./Drivers/STM32F1xx_HAL_Driver/Src/stm32f1xx_hal.o
                0x0000000020000210                uwTick
 *(COMMON)
                0x0000000020000214                . = ALIGN (0x4)
                0x0000000020000214                _ebss = .
                0x0000000020000214                __bss_end__ = _ebss

._user_heap_stack
                0x0000000020000214      0x604 load address 0x0000000008002aa0
                0x0000000020000218                . = ALIGN (0x8)
 *fill*         0x0000000020000214        0x4 
                [!provide]                        PROVIDE (end = .)
                0x0000000020000218                PROVIDE (_end = .)
                0x0000000020000418                . = (. + _Min_Heap_Size)
 *fill*         0x0000000020000218      0x200 
                0x0000000020000818                . = (. + _Min_Stack_Size)
 *fill*         0x0000000020000418      0x400 
                0x0000000020000818                . = ALIGN (0x8)

/DISCARD/
 libc.a(*)
 libm.a(*)
 libgcc.a(*)

.ARM.attributes
                0x0000000000000000       0x29
 *(.ARM.attributes)
 .ARM.attributes
                0x0000000000000000       0x1d /opt/st/stm32cubeide_1.10.1/plugins/com.st.stm32cube.ide.mcu.externaltools.gnu-tools-for-stm32.10.3-2021.10.linux64_1.0.0.202111181127/tools/bin/../lib/gcc/arm-none-eabi/10.3.1/thumb/v7-m/nofp/crti.o
 .ARM.attributes
                0x000000000000001d       0x2d /opt/st/stm32cubeide_1.10.1/plugins/com.st.stm32cube.ide.mcu.externaltools.gnu-tools-for-stm32.10.3-2021.10.linux64_1.0.0.202111181127/tools/bin/../lib/gcc/arm-none-eabi/10.3.1/thumb/v7-m/nofp/crtbegin.o
 .ARM.attributes
                0x000000000000004a       0x2d ./Core/Src/functions.o
 .ARM.attributes
                0x0000000000000077       0x2d ./Core/Src/main.o
 .ARM.attributes
                0x00000000000000a4       0x2d ./Core/Src/stm32f1xx_hal_msp.o
 .ARM.attributes
                0x00000000000000d1       0x2d ./Core/Src/stm32f1xx_it.o
 .ARM.attributes
                0x00000000000000fe       0x2d ./Core/Src/system_stm32f1xx.o
 .ARM.attributes
                0x000000000000012b       0x21 ./Core/Startup/startup_stm32f103c8tx.o
 .ARM.attributes
                0x000000000000014c       0x2d ./Drivers/STM32F1xx_HAL_Driver/Src/stm32f1xx_hal.o
 .ARM.attributes
                0x0000000000000179       0x2d ./Drivers/STM32F1xx_HAL_Driver/Src/stm32f1xx_hal_cortex.o
 .ARM.attributes
                0x00000000000001a6       0x2d ./Drivers/STM32F1xx_HAL_Driver/Src/stm32f1xx_hal_gpio.o
 .ARM.attributes
                0x00000000000001d3       0x2d ./Drivers/STM32F1xx_HAL_Driver/Src/stm32f1xx_hal_rcc.o
 .ARM.attributes
                0x0000000000000200       0x2d ./Drivers/STM32F1xx_HAL_Driver/Src/stm32f1xx_hal_tim.o
 .ARM.attributes
                0x000000000000022d       0x2d ./Drivers/STM32F1xx_HAL_Driver/Src/stm32f1xx_hal_tim_ex.o
 .ARM.attributes
                0x000000000000025a       0x2d /opt/st/stm32cubeide_1.10.1/plugins/com.st.stm32cube.ide.mcu.externaltools.gnu-tools-for-stm32.10.3-2021.10.linux64_1.0.0.202111181127/tools/bin/../lib/gcc/arm-none-eabi/10.3.1/../../../../arm-none-eabi/lib/thumb/v7-m/nofp/libc_nano.a(lib_a-init.o)
 .ARM.attributes
                0x0000000000000287       0x2d /opt/st/stm32cubeide_1.10.1/plugins/com.st.stm32cube.ide.mcu.externaltools.gnu-tools-for-stm32.10.3-2021.10.linux64_1.0.0.202111181127/tools/bin/../lib/gcc/arm-none-eabi/10.3.1/../../../../arm-none-eabi/lib/thumb/v7-m/nofp/libc_nano.a(lib_a-memset.o)
 .ARM.attributes
                0x00000000000002b4       0x1d /opt/st/stm32cubeide_1.10.1/plugins/com.st.stm32cube.ide.mcu.externaltools.gnu-tools-for-stm32.10.3-2021.10.linux64_1.0.0.202111181127/tools/bin/../lib/gcc/arm-none-eabi/10.3.1/thumb/v7-m/nofp/crtn.o
OUTPUT(Virtual_Simulator.elf elf32-littlearm)
LOAD linker stubs
LOAD /opt/st/stm32cubeide_1.10.1/plugins/com.st.stm32cube.ide.mcu.externaltools.gnu-tools-for-stm32.10.3-2021.10.linux64_1.0.0.202111181127/tools/bin/../lib/gcc/arm-none-eabi/10.3.1/../../../../arm-none-eabi/lib/thumb/v7-m/nofp/libc.a
LOAD /opt/st/stm32cubeide_1.10.1/plugins/com.st.stm32cube.ide.mcu.externaltools.gnu-tools-for-stm32.10.3-2021.10.linux64_1.0.0.202111181127/tools/bin/../lib/gcc/arm-none-eabi/10.3.1/../../../../arm-none-eabi/lib/thumb/v7-m/nofp/libm.a
LOAD /opt/st/stm32cubeide_1.10.1/plugins/com.st.stm32cube.ide.mcu.externaltools.gnu-tools-for-stm32.10.3-2021.10.linux64_1.0.0.202111181127/tools/bin/../lib/gcc/arm-none-eabi/10.3.1/thumb/v7-m/nofp/libgcc.a

.debug_info     0x0000000000000000     0x8ce7
 .debug_info    0x0000000000000000      0xabc ./Core/Src/functions.o
 .debug_info    0x0000000000000abc      0xdfe ./Core/Src/main.o
 .debug_info    0x00000000000018ba      0xb0c ./Core/Src/stm32f1xx_hal_msp.o
 .debug_info    0x00000000000023c6      0x708 ./Core/Src/stm32f1xx_it.o
 .debug_info    0x0000000000002ace      0x23d ./Core/Src/system_stm32f1xx.o
 .debug_info    0x0000000000002d0b       0x22 ./Core/Startup/startup_stm32f103c8tx.o
 .debug_info    0x0000000000002d2d      0x734 ./Drivers/STM32F1xx_HAL_Driver/Src/stm32f1xx_hal.o
 .debug_info    0x0000000000003461      0xb20 ./Drivers/STM32F1xx_HAL_Driver/Src/stm32f1xx_hal_cortex.o
 .debug_info    0x0000000000003f81      0x615 ./Drivers/STM32F1xx_HAL_Driver/Src/stm32f1xx_hal_gpio.o
 .debug_info    0x0000000000004596      0x860 ./Drivers/STM32F1xx_HAL_Driver/Src/stm32f1xx_hal_rcc.o
 .debug_info    0x0000000000004df6     0x29de ./Drivers/STM32F1xx_HAL_Driver/Src/stm32f1xx_hal_tim.o
 .debug_info    0x00000000000077d4     0x1513 ./Drivers/STM32F1xx_HAL_Driver/Src/stm32f1xx_hal_tim_ex.o

.debug_abbrev   0x0000000000000000     0x1792
 .debug_abbrev  0x0000000000000000      0x234 ./Core/Src/functions.o
 .debug_abbrev  0x0000000000000234      0x2bb ./Core/Src/main.o
 .debug_abbrev  0x00000000000004ef      0x1c5 ./Core/Src/stm32f1xx_hal_msp.o
 .debug_abbrev  0x00000000000006b4      0x184 ./Core/Src/stm32f1xx_it.o
 .debug_abbrev  0x0000000000000838      0x13b ./Core/Src/system_stm32f1xx.o
 .debug_abbrev  0x0000000000000973       0x12 ./Core/Startup/startup_stm32f103c8tx.o
 .debug_abbrev  0x0000000000000985      0x1fb ./Drivers/STM32F1xx_HAL_Driver/Src/stm32f1xx_hal.o
 .debug_abbrev  0x0000000000000b80      0x2ed ./Drivers/STM32F1xx_HAL_Driver/Src/stm32f1xx_hal_cortex.o
 .debug_abbrev  0x0000000000000e6d      0x1bb ./Drivers/STM32F1xx_HAL_Driver/Src/stm32f1xx_hal_gpio.o
 .debug_abbrev  0x0000000000001028      0x2a8 ./Drivers/STM32F1xx_HAL_Driver/Src/stm32f1xx_hal_rcc.o
 .debug_abbrev  0x00000000000012d0      0x25d ./Drivers/STM32F1xx_HAL_Driver/Src/stm32f1xx_hal_tim.o
 .debug_abbrev  0x000000000000152d      0x265 ./Drivers/STM32F1xx_HAL_Driver/Src/stm32f1xx_hal_tim_ex.o

.debug_aranges  0x0000000000000000      0x988
 .debug_aranges
                0x0000000000000000       0x48 ./Core/Src/functions.o
 .debug_aranges
                0x0000000000000048       0x48 ./Core/Src/main.o
 .debug_aranges
                0x0000000000000090       0x38 ./Core/Src/stm32f1xx_hal_msp.o
 .debug_aranges
                0x00000000000000c8       0x70 ./Core/Src/stm32f1xx_it.o
 .debug_aranges
                0x0000000000000138       0x28 ./Core/Src/system_stm32f1xx.o
 .debug_aranges
                0x0000000000000160       0x28 ./Core/Startup/startup_stm32f103c8tx.o
 .debug_aranges
                0x0000000000000188       0xe0 ./Drivers/STM32F1xx_HAL_Driver/Src/stm32f1xx_hal.o
 .debug_aranges
                0x0000000000000268      0x100 ./Drivers/STM32F1xx_HAL_Driver/Src/stm32f1xx_hal_cortex.o
 .debug_aranges
                0x0000000000000368       0x58 ./Drivers/STM32F1xx_HAL_Driver/Src/stm32f1xx_hal_gpio.o
 .debug_aranges
                0x00000000000003c0       0x90 ./Drivers/STM32F1xx_HAL_Driver/Src/stm32f1xx_hal_rcc.o
 .debug_aranges
                0x0000000000000450      0x3d0 ./Drivers/STM32F1xx_HAL_Driver/Src/stm32f1xx_hal_tim.o
 .debug_aranges
                0x0000000000000820      0x168 ./Drivers/STM32F1xx_HAL_Driver/Src/stm32f1xx_hal_tim_ex.o

.debug_ranges   0x0000000000000000      0x8d0
 .debug_ranges  0x0000000000000000       0x38 ./Core/Src/functions.o
 .debug_ranges  0x0000000000000038       0x38 ./Core/Src/main.o
 .debug_ranges  0x0000000000000070       0x28 ./Core/Src/stm32f1xx_hal_msp.o
 .debug_ranges  0x0000000000000098       0x60 ./Core/Src/stm32f1xx_it.o
 .debug_ranges  0x00000000000000f8       0x18 ./Core/Src/system_stm32f1xx.o
 .debug_ranges  0x0000000000000110       0x20 ./Core/Startup/startup_stm32f103c8tx.o
 .debug_ranges  0x0000000000000130       0xd0 ./Drivers/STM32F1xx_HAL_Driver/Src/stm32f1xx_hal.o
 .debug_ranges  0x0000000000000200       0xf0 ./Drivers/STM32F1xx_HAL_Driver/Src/stm32f1xx_hal_cortex.o
 .debug_ranges  0x00000000000002f0       0x48 ./Drivers/STM32F1xx_HAL_Driver/Src/stm32f1xx_hal_gpio.o
 .debug_ranges  0x0000000000000338       0x80 ./Drivers/STM32F1xx_HAL_Driver/Src/stm32f1xx_hal_rcc.o
 .debug_ranges  0x00000000000003b8      0x3c0 ./Drivers/STM32F1xx_HAL_Driver/Src/stm32f1xx_hal_tim.o
 .debug_ranges  0x0000000000000778      0x158 ./Drivers/STM32F1xx_HAL_Driver/Src/stm32f1xx_hal_tim_ex.o

.debug_macro    0x0000000000000000    0x16725
 .debug_macro   0x0000000000000000      0x1b3 ./Core/Src/functions.o
 .debug_macro   0x00000000000001b3      0xa6c ./Core/Src/functions.o
 .debug_macro   0x0000000000000c1f      0x215 ./Core/Src/functions.o
 .debug_macro   0x0000000000000e34       0x2e ./Core/Src/functions.o
 .debug_macro   0x0000000000000e62       0x22 ./Core/Src/functions.o
 .debug_macro   0x0000000000000e84       0x22 ./Core/Src/functions.o
 .debug_macro   0x0000000000000ea6       0x8e ./Core/Src/functions.o
 .debug_macro   0x0000000000000f34       0x51 ./Core/Src/functions.o
 .debug_macro   0x0000000000000f85      0x103 ./Core/Src/functions.o
 .debug_macro   0x0000000000001088       0x6a ./Core/Src/functions.o
 .debug_macro   0x00000000000010f2      0x1df ./Core/Src/functions.o
 .debug_macro   0x00000000000012d1       0x1c ./Core/Src/functions.o
 .debug_macro   0x00000000000012ed       0x22 ./Core/Src/functions.o
 .debug_macro   0x000000000000130f       0xbd ./Core/Src/functions.o
 .debug_macro   0x00000000000013cc      0xd23 ./Core/Src/functions.o
 .debug_macro   0x00000000000020ef     0xe09e ./Core/Src/functions.o
 .debug_macro   0x000000000001018d       0x6d ./Core/Src/functions.o
 .debug_macro   0x00000000000101fa     0x3468 ./Core/Src/functions.o
 .debug_macro   0x0000000000013662      0x174 ./Core/Src/functions.o
 .debug_macro   0x00000000000137d6       0x5c ./Core/Src/functions.o
 .debug_macro   0x0000000000013832      0x5be ./Core/Src/functions.o
 .debug_macro   0x0000000000013df0      0x289 ./Core/Src/functions.o
 .debug_macro   0x0000000000014079      0x1cb ./Core/Src/functions.o
 .debug_macro   0x0000000000014244      0x114 ./Core/Src/functions.o
 .debug_macro   0x0000000000014358      0x1b2 ./Core/Src/functions.o
 .debug_macro   0x000000000001450a       0x27 ./Core/Src/functions.o
 .debug_macro   0x0000000000014531      0x136 ./Core/Src/functions.o
 .debug_macro   0x0000000000014667      0x1bc ./Core/Src/functions.o
 .debug_macro   0x0000000000014823       0x34 ./Core/Src/functions.o
 .debug_macro   0x0000000000014857       0x3c ./Core/Src/functions.o
 .debug_macro   0x0000000000014893       0x57 ./Core/Src/functions.o
 .debug_macro   0x00000000000148ea       0x88 ./Core/Src/functions.o
 .debug_macro   0x0000000000014972      0x241 ./Core/Src/functions.o
 .debug_macro   0x0000000000014bb3      0x141 ./Core/Src/functions.o
 .debug_macro   0x0000000000014cf4      0x8d1 ./Core/Src/functions.o
 .debug_macro   0x00000000000155c5       0x83 ./Core/Src/functions.o
 .debug_macro   0x0000000000015648      0x1ac ./Core/Src/main.o
 .debug_macro   0x00000000000157f4       0x10 ./Core/Src/main.o
 .debug_macro   0x0000000000015804      0x1a3 ./Core/Src/stm32f1xx_hal_msp.o
 .debug_macro   0x00000000000159a7      0x1ad ./Core/Src/stm32f1xx_it.o
 .debug_macro   0x0000000000015b54      0x199 ./Core/Src/system_stm32f1xx.o
 .debug_macro   0x0000000000015ced      0x1bd ./Drivers/STM32F1xx_HAL_Driver/Src/stm32f1xx_hal.o
 .debug_macro   0x0000000000015eaa      0x199 ./Drivers/STM32F1xx_HAL_Driver/Src/stm32f1xx_hal_cortex.o
 .debug_macro   0x0000000000016043      0x204 ./Drivers/STM32F1xx_HAL_Driver/Src/stm32f1xx_hal_gpio.o
 .debug_macro   0x0000000000016247      0x1ab ./Drivers/STM32F1xx_HAL_Driver/Src/stm32f1xx_hal_rcc.o
 .debug_macro   0x00000000000163f2      0x19a ./Drivers/STM32F1xx_HAL_Driver/Src/stm32f1xx_hal_tim.o
 .debug_macro   0x000000000001658c      0x199 ./Drivers/STM32F1xx_HAL_Driver/Src/stm32f1xx_hal_tim_ex.o

.debug_line     0x0000000000000000     0x9a2c
 .debug_line    0x0000000000000000      0x824 ./Core/Src/functions.o
 .debug_line    0x0000000000000824      0x818 ./Core/Src/main.o
 .debug_line    0x000000000000103c      0x6dc ./Core/Src/stm32f1xx_hal_msp.o
 .debug_line    0x0000000000001718      0x728 ./Core/Src/stm32f1xx_it.o
 .debug_line    0x0000000000001e40      0x6b4 ./Core/Src/system_stm32f1xx.o
 .debug_line    0x00000000000024f4       0x87 ./Core/Startup/startup_stm32f103c8tx.o
 .debug_line    0x000000000000257b      0x8e1 ./Drivers/STM32F1xx_HAL_Driver/Src/stm32f1xx_hal.o
 .debug_line    0x0000000000002e5c      0xac9 ./Drivers/STM32F1xx_HAL_Driver/Src/stm32f1xx_hal_cortex.o
 .debug_line    0x0000000000003925      0x978 ./Drivers/STM32F1xx_HAL_Driver/Src/stm32f1xx_hal_gpio.o
 .debug_line    0x000000000000429d      0xcef ./Drivers/STM32F1xx_HAL_Driver/Src/stm32f1xx_hal_rcc.o
 .debug_line    0x0000000000004f8c     0x3297 ./Drivers/STM32F1xx_HAL_Driver/Src/stm32f1xx_hal_tim.o
 .debug_line    0x0000000000008223     0x1809 ./Drivers/STM32F1xx_HAL_Driver/Src/stm32f1xx_hal_tim_ex.o

.debug_str      0x0000000000000000    0x83fdd
 .debug_str     0x0000000000000000    0x81a26 ./Core/Src/functions.o
                                      0x81e23 (size before relaxing)
 .debug_str     0x0000000000081a26      0x3d3 ./Core/Src/main.o
                                      0x8209b (size before relaxing)
 .debug_str     0x0000000000081df9      0x33a ./Core/Src/stm32f1xx_hal_msp.o
                                      0x81f5d (size before relaxing)
 .debug_str     0x0000000000082133       0xfc ./Core/Src/stm32f1xx_it.o
                                      0x81bf6 (size before relaxing)
 .debug_str     0x000000000008222f       0x7e ./Core/Src/system_stm32f1xx.o
                                      0x81705 (size before relaxing)
 .debug_str     0x00000000000822ad       0x36 ./Core/Startup/startup_stm32f103c8tx.o
                                         0x78 (size before relaxing)
 .debug_str     0x00000000000822e3      0x38e ./Drivers/STM32F1xx_HAL_Driver/Src/stm32f1xx_hal.o
                                      0x81e38 (size before relaxing)
 .debug_str     0x0000000000082671      0x294 ./Drivers/STM32F1xx_HAL_Driver/Src/stm32f1xx_hal_cortex.o
                                      0x81d84 (size before relaxing)
 .debug_str     0x0000000000082905      0x2e3 ./Drivers/STM32F1xx_HAL_Driver/Src/stm32f1xx_hal_gpio.o
                                      0x81a8b (size before relaxing)
 .debug_str     0x0000000000082be8      0x229 ./Drivers/STM32F1xx_HAL_Driver/Src/stm32f1xx_hal_rcc.o
                                      0x81b34 (size before relaxing)
 .debug_str     0x0000000000082e11      0xd39 ./Drivers/STM32F1xx_HAL_Driver/Src/stm32f1xx_hal_tim.o
                                      0x82b1f (size before relaxing)
 .debug_str     0x0000000000083b4a      0x493 ./Drivers/STM32F1xx_HAL_Driver/Src/stm32f1xx_hal_tim_ex.o
                                      0x8233b (size before relaxing)

.comment        0x0000000000000000       0x50
 .comment       0x0000000000000000       0x50 ./Core/Src/functions.o
                                         0x51 (size before relaxing)
 .comment       0x0000000000000050       0x51 ./Core/Src/main.o
 .comment       0x0000000000000050       0x51 ./Core/Src/stm32f1xx_hal_msp.o
 .comment       0x0000000000000050       0x51 ./Core/Src/stm32f1xx_it.o
 .comment       0x0000000000000050       0x51 ./Core/Src/system_stm32f1xx.o
 .comment       0x0000000000000050       0x51 ./Drivers/STM32F1xx_HAL_Driver/Src/stm32f1xx_hal.o
 .comment       0x0000000000000050       0x51 ./Drivers/STM32F1xx_HAL_Driver/Src/stm32f1xx_hal_cortex.o
 .comment       0x0000000000000050       0x51 ./Drivers/STM32F1xx_HAL_Driver/Src/stm32f1xx_hal_gpio.o
 .comment       0x0000000000000050       0x51 ./Drivers/STM32F1xx_HAL_Driver/Src/stm32f1xx_hal_rcc.o
 .comment       0x0000000000000050       0x51 ./Drivers/STM32F1xx_HAL_Driver/Src/stm32f1xx_hal_tim.o
 .comment       0x0000000000000050       0x51 ./Drivers/STM32F1xx_HAL_Driver/Src/stm32f1xx_hal_tim_ex.o

.debug_frame    0x0000000000000000     0x26ec
 .debug_frame   0x0000000000000000       0xe0 ./Core/Src/functions.o
 .debug_frame   0x00000000000000e0       0xd4 ./Core/Src/main.o
 .debug_frame   0x00000000000001b4       0xa4 ./Core/Src/stm32f1xx_hal_msp.o
 .debug_frame   0x0000000000000258      0x13c ./Core/Src/stm32f1xx_it.o
 .debug_frame   0x0000000000000394       0x58 ./Core/Src/system_stm32f1xx.o
 .debug_frame   0x00000000000003ec      0x334 ./Drivers/STM32F1xx_HAL_Driver/Src/stm32f1xx_hal.o
 .debug_frame   0x0000000000000720      0x428 ./Drivers/STM32F1xx_HAL_Driver/Src/stm32f1xx_hal_cortex.o
 .debug_frame   0x0000000000000b48      0x14c ./Drivers/STM32F1xx_HAL_Driver/Src/stm32f1xx_hal_gpio.o
 .debug_frame   0x0000000000000c94      0x21c ./Drivers/STM32F1xx_HAL_Driver/Src/stm32f1xx_hal_rcc.o
 .debug_frame   0x0000000000000eb0     0x11b8 ./Drivers/STM32F1xx_HAL_Driver/Src/stm32f1xx_hal_tim.o
 .debug_frame   0x0000000000002068      0x638 ./Drivers/STM32F1xx_HAL_Driver/Src/stm32f1xx_hal_tim_ex.o
 .debug_frame   0x00000000000026a0       0x2c /opt/st/stm32cubeide_1.10.1/plugins/com.st.stm32cube.ide.mcu.externaltools.gnu-tools-for-stm32.10.3-2021.10.linux64_1.0.0.202111181127/tools/bin/../lib/gcc/arm-none-eabi/10.3.1/../../../../arm-none-eabi/lib/thumb/v7-m/nofp/libc_nano.a(lib_a-init.o)
 .debug_frame   0x00000000000026cc       0x20 /opt/st/stm32cubeide_1.10.1/plugins/com.st.stm32cube.ide.mcu.externaltools.gnu-tools-for-stm32.10.3-2021.10.linux64_1.0.0.202111181127/tools/bin/../lib/gcc/arm-none-eabi/10.3.1/../../../../arm-none-eabi/lib/thumb/v7-m/nofp/libc_nano.a(lib_a-memset.o)
